Categorias almacenadas correctamente
Categoria 112 añadida a productos
Categoria 115 añadida a productos
Categoria 116 añadida a productos
Categoria 117 añadida a productos
Categoria 156 añadida a productos
Categoria 163 añadida a productos
Categoria 158 añadida a productos
Categoria 159 añadida a productos
Categoria 161 añadida a productos
Categoria 162 añadida a productos
Categoria 135 añadida a productos
Categoria 133 añadida a productos
Categoria 132 añadida a productos
Categoria 118 añadida a productos
Categoria 121 añadida a productos
Categoria 120 añadida a productos
Categoria 89 añadida a productos
Categoria 95 añadida a productos
Categoria 92 añadida a productos
Categoria 97 añadida a productos
Categoria 90 añadida a productos
Categoria 216 añadida a productos
Categoria 219 añadida a productos
Categoria 218 añadida a productos
Categoria 217 añadida a productos
Categoria 164 añadida a productos
Categoria 166 añadida a productos
Categoria 181 añadida a productos
Categoria 174 añadida a productos
Categoria 168 añadida a productos
Categoria 170 añadida a productos
Categoria 173 añadida a productos
Categoria 171 añadida a productos
Categoria 169 añadida a productos
Categoria 86 añadida a productos
Categoria 81 añadida a productos
Categoria 83 añadida a productos
Categoria 84 añadida a productos
Categoria 88 añadida a productos
Categoria 46 añadida a productos
Categoria 38 añadida a productos
Categoria 47 añadida a productos
Categoria 37 añadida a productos
Categoria 42 añadida a productos
Categoria 43 añadida a productos
Categoria 44 añadida a productos
Categoria 40 añadida a productos
Categoria 45 añadida a productos
Categoria 78 añadida a productos
Categoria 80 añadida a productos
Categoria 79 añadida a productos
Categoria 48 añadida a productos
Categoria 52 añadida a productos
Categoria 49 añadida a productos
Categoria 51 añadida a productos
Categoria 50 añadida a productos
Categoria 58 añadida a productos
Categoria 54 añadida a productos
Categoria 56 añadida a productos
Categoria 53 añadida a productos
Categoria 147 añadida a productos
Categoria 148 añadida a productos
Categoria 145 añadida a productos
Categoria 154 añadida a productos
Categoria 155 añadida a productos
Categoria 150 añadida a productos
Categoria 149 añadida a productos
Categoria 151 añadida a productos
Categoria 884 añadida a productos
Categoria 152 añadida a productos
Categoria 122 añadida a productos
Categoria 123 añadida a productos
Categoria 127 añadida a productos
Categoria 130 añadida a productos
Categoria 129 añadida a productos
Categoria 126 añadida a productos
Categoria 201 añadida a productos
Categoria 199 añadida a productos
Categoria 203 añadida a productos
Categoria 202 añadida a productos
Categoria 192 añadida a productos
Categoria 189 añadida a productos
Categoria 185 añadida a productos
Categoria 191 añadida a productos
Categoria 188 añadida a productos
Categoria 187 añadida a productos
Categoria 186 añadida a productos
Categoria 190 añadida a productos
Categoria 194 añadida a productos
Categoria 196 añadida a productos
Categoria 198 añadida a productos
Categoria 213 añadida a productos
Categoria 214 añadida a productos
Categoria 27 añadida a productos
Categoria 28 añadida a productos
Categoria 29 añadida a productos
Categoria 77 añadida a productos
Categoria 72 añadida a productos
Categoria 75 añadida a productos
Categoria 226 añadida a productos
Categoria 237 añadida a productos
Categoria 241 añadida a productos
Categoria 234 añadida a productos
Categoria 235 añadida a productos
Categoria 233 añadida a productos
Categoria 231 añadida a productos
Categoria 230 añadida a productos
Categoria 232 añadida a productos
Categoria 229 añadida a productos
Categoria 243 añadida a productos
Categoria 238 añadida a productos
Categoria 239 añadida a productos
Categoria 244 añadida a productos
Categoria 206 añadida a productos
Categoria 207 añadida a productos
Categoria 208 añadida a productos
Categoria 210 añadida a productos
Categoria 212 añadida a productos
Categoria 32 añadida a productos
Categoria 34 añadida a productos
Categoria 31 añadida a productos
Categoria 36 añadida a productos
Categoria 222 añadida a productos
Categoria 221 añadida a productos
Traceback (most recent call last):
  File "/root/MercaBot/venv/lib/python3.10/site-packages/urllib3/connectionpool.py", line 789, in urlopen
    response = self._make_request(
  File "/root/MercaBot/venv/lib/python3.10/site-packages/urllib3/connectionpool.py", line 490, in _make_request
    raise new_e
  File "/root/MercaBot/venv/lib/python3.10/site-packages/urllib3/connectionpool.py", line 466, in _make_request
    self._validate_conn(conn)
  File "/root/MercaBot/venv/lib/python3.10/site-packages/urllib3/connectionpool.py", line 1095, in _validate_conn
    conn.connect()
  File "/root/MercaBot/venv/lib/python3.10/site-packages/urllib3/connection.py", line 652, in connect
    sock_and_verified = _ssl_wrap_socket_and_match_hostname(
  File "/root/MercaBot/venv/lib/python3.10/site-packages/urllib3/connection.py", line 805, in _ssl_wrap_socket_and_match_hostname
    ssl_sock = ssl_wrap_socket(
  File "/root/MercaBot/venv/lib/python3.10/site-packages/urllib3/util/ssl_.py", line 465, in ssl_wrap_socket
    ssl_sock = _ssl_wrap_socket_impl(sock, context, tls_in_tls, server_hostname)
  File "/root/MercaBot/venv/lib/python3.10/site-packages/urllib3/util/ssl_.py", line 509, in _ssl_wrap_socket_impl
    return ssl_context.wrap_socket(sock, server_hostname=server_hostname)
  File "/usr/lib/python3.10/ssl.py", line 513, in wrap_socket
    return self.sslsocket_class._create(
  File "/usr/lib/python3.10/ssl.py", line 1100, in _create
    self.do_handshake()
  File "/usr/lib/python3.10/ssl.py", line 1371, in do_handshake
    self._sslobj.do_handshake()
ConnectionResetError: [Errno 104] Connection reset by peer

During handling of the above exception, another exception occurred:

Traceback (most recent call last):
  File "/root/MercaBot/venv/lib/python3.10/site-packages/requests/adapters.py", line 667, in send
    resp = conn.urlopen(
  File "/root/MercaBot/venv/lib/python3.10/site-packages/urllib3/connectionpool.py", line 843, in urlopen
    retries = retries.increment(
  File "/root/MercaBot/venv/lib/python3.10/site-packages/urllib3/util/retry.py", line 474, in increment
    raise reraise(type(error), error, _stacktrace)
  File "/root/MercaBot/venv/lib/python3.10/site-packages/urllib3/util/util.py", line 38, in reraise
    raise value.with_traceback(tb)
  File "/root/MercaBot/venv/lib/python3.10/site-packages/urllib3/connectionpool.py", line 789, in urlopen
    response = self._make_request(
  File "/root/MercaBot/venv/lib/python3.10/site-packages/urllib3/connectionpool.py", line 490, in _make_request
    raise new_e
  File "/root/MercaBot/venv/lib/python3.10/site-packages/urllib3/connectionpool.py", line 466, in _make_request
    self._validate_conn(conn)
  File "/root/MercaBot/venv/lib/python3.10/site-packages/urllib3/connectionpool.py", line 1095, in _validate_conn
    conn.connect()
  File "/root/MercaBot/venv/lib/python3.10/site-packages/urllib3/connection.py", line 652, in connect
    sock_and_verified = _ssl_wrap_socket_and_match_hostname(
  File "/root/MercaBot/venv/lib/python3.10/site-packages/urllib3/connection.py", line 805, in _ssl_wrap_socket_and_match_hostname
    ssl_sock = ssl_wrap_socket(
  File "/root/MercaBot/venv/lib/python3.10/site-packages/urllib3/util/ssl_.py", line 465, in ssl_wrap_socket
    ssl_sock = _ssl_wrap_socket_impl(sock, context, tls_in_tls, server_hostname)
  File "/root/MercaBot/venv/lib/python3.10/site-packages/urllib3/util/ssl_.py", line 509, in _ssl_wrap_socket_impl
    return ssl_context.wrap_socket(sock, server_hostname=server_hostname)
  File "/usr/lib/python3.10/ssl.py", line 513, in wrap_socket
    return self.sslsocket_class._create(
  File "/usr/lib/python3.10/ssl.py", line 1100, in _create
    self.do_handshake()
  File "/usr/lib/python3.10/ssl.py", line 1371, in do_handshake
    self._sslobj.do_handshake()
urllib3.exceptions.ProtocolError: ('Connection aborted.', ConnectionResetError(104, 'Connection reset by peer'))

During handling of the above exception, another exception occurred:

Traceback (most recent call last):
  File "/root/MercaBot/code/main.py", line 11, in <module>
    main()
  File "/root/MercaBot/code/main.py", line 7, in main
    processor.fetch_and_store_products()
  File "/root/MercaBot/code/functions.py", line 52, in fetch_and_store_products
    response = requests.get(url)
  File "/root/MercaBot/venv/lib/python3.10/site-packages/requests/api.py", line 73, in get
    return request("get", url, params=params, **kwargs)
  File "/root/MercaBot/venv/lib/python3.10/site-packages/requests/api.py", line 59, in request
    return session.request(method=method, url=url, **kwargs)
  File "/root/MercaBot/venv/lib/python3.10/site-packages/requests/sessions.py", line 589, in request
    resp = self.send(prep, **send_kwargs)
  File "/root/MercaBot/venv/lib/python3.10/site-packages/requests/sessions.py", line 703, in send
    r = adapter.send(request, **kwargs)
  File "/root/MercaBot/venv/lib/python3.10/site-packages/requests/adapters.py", line 682, in send
    raise ConnectionError(err, request=request)
requests.exceptions.ConnectionError: ('Connection aborted.', ConnectionResetError(104, 'Connection reset by peer'))
